[pedido-retidobrasil.site/pedidos.html]
[backblue.gif]
[fade.gif]
[index.html]
[cdn.greatsoftwares.com.br/arquivos/paginas_editor/458748-7aef51c6d65483d4df20bef669ba647d.png]
[cdn.greatsoftwares.com.br/arquivos/paginas_editor/458748-ba76c8b9c922ef30c3a7ac5bc89ff1db.png]
[cdn.greatsoftwares.com.br/arquivos/paginas_editor/458748-d8e31ce96c9130e005b7aaf1a9849b20.png]
[cdn.greatsoftwares.com.br/arquivos/paginas_editor/458748-a1add9bbcba2a41a81e2ddcfdcfef4be.png]
[cdn.greatsoftwares.com.br/arquivos/paginas_editor/458748-6a872ccaae576064a5676dc2fdb82b18.png]
[cdn.greatsoftwares.com.br/arquivos/paginas_editor/458748-377cfc410adf9f2e3d6c4b6a0c2397fd.png]
[cdnjs.cloudflare.com/ajax/libs/jquery/2.2.4/jquery.js]
[cdnjs.cloudflare.com/ajax/libs/waypoints/2.0.0/waypoints.js]
[cdnjs.cloudflare.com/ajax/libs/waypoints/2.0.0/shortcuts/sticky-elements/waypoints-sticky.js]
[pedido-retidobrasil.site/aviso.html]
[pages.greatpages.com.br/www.pedido-retidobrasil.site-pedidos/1745120477/css.css]
[pedido-retidobrasil.site/pedidos.html]
[pedido-retidobrasil.site/index.html]
[pages.greatpages.com.br/www.pedido-retidobrasil.site-pedidos/1745120477/js.js]
[cdn.greatsoftwares.com.br/arquivos/paginas_editor/458748-f1f6f6a4e06a6413a82be05fa4e336ec.png]
[cdn.greatsoftwares.com.br/arquivos/paginas_editor/458748-0508f4e10135566f2e4bc3ac4c077c7c.png]
[cdn.greatsoftwares.com.br/arquivos/paginas_editor/458748-c9e2371e15aa3927ef5fe923424a1113.png]
[cdn.greatsoftwares.com.br/arquivos/paginas_editor/458748-db706341d18c8536ddd3feb84ebb9849.png]
[cdn.greatsoftwares.com.br/arquivos/paginas_editor/458748-df1352d04b04d4c780d2eda111566381.png]
[pages.greatpages.com.br/www.pedido-retidobrasil.site-aviso/1744845462/css.css]
[pedido-retidobrasil.site/aviso.html]
[pedido-retidobrasil.site/index.html]
[pages.greatpages.com.br/www.pedido-retidobrasil.site-pedidos/1745120477/css.css]
[pages.greatpages.com.br/www.pedido-retidobrasil.site-aviso/1744845462/css.css]
[pages.greatpages.com.br/www.pedido-retidobrasil.site-aviso/1744845462/js.js]
